// Jest Snapshot v1, https://goo.gl/fbAQLP

exports[`FabTabBar Should render 1`] = `
<Navigator
  screenOptions={
    Object {
      "tabBarActiveTintColor": "purple",
    }
  }
  tabBar={[Function]}
>
  <Screen
    component={[Function]}
    name="Home"
    options={
      Object {
        "tabBarIcon": [Function],
      }
    }
  />
  <Screen
    component={[Function]}
    name="Home"
    options={
      Object {
        "tabBarIcon": [Function],
      }
    }
  />
</Navigator>
`;
